keegan168
boarding123
nic94azz
wildcat76
sailin0
minetot
barstown
provoguelp
bigred407
81264312
peant1
BOOKIEE7
0426jc
dfernfin
1ellie1
1pathword
vwvwvw1
tsuzuki24
dethklok6
garcia06921
ASSOUM
013647843
598795002463
drean645
dior2609
4926200
4802473
a1981sun
guadalupeghg
wormwood
0851063451
ithaysa
brionfamily
4rudawg
LL1557
jezreelpaulo
darling35
01080504143
floresdo
66959540
0860253440
milkaflorin
pangasinan
sun1311
T772772
wani121293
17433701
2melty
7207338
ceballos39
mannmahi85
nwapart2
2badman
qazplmfg78
raptor3
n_husna1995
chris3669
ruedagalicia
dog2074
007jesus
529577j
vander_val
zeroxd.
072983vida
gercey
cangri17
ransz1
thtdude
bugs1997
abood206
janeemae
shakell
Lovek3517
james32327
20CASPER07
sanmar1410
wilburr1
5713846
a03c211987
MANDM9598
iwalgc:1989
785468
tyron2006
4448963
tooth123
697191
gerrica
tyaki26
muku33na
marie\\'s
123 Paws
8254616
04dontlook
cpucga
0128139743
2539jana8b8b
23441331
dragon5
acy1982
070928945
redjeap1
009647784201
carito26
89superman$
d2589fw
.tizzle
bethieboop
jess4407
055624239
fredlourence
hondaj
kayra2006
mrcourtney
e33s259
19princesa
raina93
pink!!!
knicks.1
qw69zxg6
shibuk
1993beebo
12cait89
K29-00@
clemons1
09219123155
DENISE35
rml725
SWEETD1990
koolboy1
ydelfoncio
8931369
ohk,/o[hk
vandalism
jesibeth
askimtamam
jstick11
0853538892
jacke808
jeallana
07283839
sierraeva1
1goldenheart
princness12
embassadim
minasthirith
lapovci17
xboxguy
yazmin56
dougles888
amb5511
youth4221
082631
isrial
bandung__
joepaulj1
4858603
t1bur0n
kochi9003
36925d
098833606
Noerum
A260145
luvhurz2
specter
vantavanta03
deehan
1997th1
nhoore
bluha3
tayloru
cb5698
0843458806
01bong
jennlyn
bonitayjonny
STUDLEE
013368
inzaghi38
TARDMAN35
nataliares
Cocobeo
maskiboo214
il0veashley
0819005833
ayacabs
32263226
bvdm1981
cronic420
Nascar570
operop2728
dragon39
supawadee
bb7053jc
BOOTY7
zach3101
expo17
teamoiker
blairwitch5@
02446602
028780946
47856+-*9
kk210511
1245787
geneva23
cuteellyana
telly423947
755655
bless007
freestreet
0859050192
nixel18
iowababy
30367777
myleegitall
A865643
ooopppsss
piggy098
XZ543543
iluvfelipe
bevecarmag
shelling4d
shapleigh
daniauqi
pertu1009
vananddeve
bowgins
fer2105
sa01234
1137382
pcreisns
sagecati
5919073
mpmdos8
Faithful1
dariend
bekah23
soulnchain
precious#16
h0tlilgurl
2739335
fabulman
STARTREK2008
011990826
cafosire
ralucaa
zpenna19
heidi89
aye435aura
amorpiolin
csbsts